\BOOKMARK [1][-]{section*.2}{\376\377\003\225\003\271\003\303\003\261\003\263\003\311\003\263\003\256}{}% 1
\BOOKMARK [1][-]{section.1}{\376\377\003\221\003\273\003\263\003\314\003\301\003\271\003\270\003\274\003\277\003\271\000\040\003\223\003\301\003\261\003\306\003\267\003\274\003\254\003\304\003\311\003\275}{}% 2
\BOOKMARK [2][-]{subsection.1.1}{\376\377\003\237\003\301\003\271\003\303\003\274\003\277\003\257\000\040\003\272\003\261\003\271\000\040\003\221\003\275\003\261\003\300\003\261\003\301\003\254\003\303\003\304\003\261\003\303\003\267}{section.1}% 3
\BOOKMARK [1][-]{section.2}{\376\377\000E\003\273\003\254\003\307\003\271\003\303\003\304\003\277\000\040\003\264\003\255\003\275\003\304\003\301\003\277\000\040\003\265\003\300\003\271\003\272\003\254\003\273\003\305\003\310\003\267\003\302\000:\000\040\003\237\000\040\003\261\003\273\003\263\003\314\003\301\003\271\003\270\003\274\003\277\003\302\000\040\003\304\003\277\003\305\000\040\000P\000r\000i\000m}{}% 4
\BOOKMARK [1][-]{section.3}{\376\377\003\243\003\305\003\275\003\304\003\277\003\274\003\314\003\304\003\265\003\301\003\265\003\302\000\040\003\224\003\271\003\261\003\264\003\301\003\277\003\274\003\255\003\302\000\040\003\261\003\300\003\314\000\040\003\234\003\257\003\261\000\040\003\240\003\267\003\263\003\256\000:\000\040\003\237\000\040\003\261\003\273\003\263\003\314\003\301\003\271\003\270\003\274\003\277\003\302\000\040\003\304\003\277\003\305\000\040\000D\000i\000j\000k\000s\000t\000r\000a}{}% 5
\BOOKMARK [2][-]{subsection.3.1}{\376\377\000A\000P\000I\000/\003\243\003\315\003\303\003\304\003\267\003\274\003\261\000\040\003\274\003\265\003\304\003\261\003\262\003\257\003\262\003\261\003\303\003\267\003\302\000\040\003\274\003\267\003\275\003\305\003\274\003\254\003\304\003\311\003\275}{section.3}% 6
\BOOKMARK [2][-]{subsection.3.2}{\376\377\000A\000P\000I\000/\003\243\003\315\003\303\003\304\003\267\003\274\003\261\000\040\003\272\003\277\003\271\003\275\003\256\003\302\000\040\003\264\003\271\003\265\003\315\003\270\003\305\003\275\003\303\003\267\003\302}{section.3}% 7
\BOOKMARK [2][-]{subsection.3.3}{\376\377\003\223\003\273\003\316\003\303\003\303\003\261}{section.3}% 8
\BOOKMARK [2][-]{subsection.3.4}{\376\377\003\240\003\265\003\301\003\271\003\262\003\254\003\273\003\273\003\277\003\275\000\040\003\303\003\305\003\303\003\304\003\256\003\274\003\261\003\304\003\277\003\302}{section.3}% 9
\BOOKMARK [2][-]{subsection.3.5}{\376\377\003\224\003\265\003\264\003\277\003\274\003\255\003\275\003\261\000\040\003\264\003\277\003\272\003\271\003\274\003\316\003\275}{section.3}% 10
\BOOKMARK [2][-]{subsection.3.6}{\376\377\003\221\003\273\003\263\003\314\003\301\003\271\003\270\003\274\003\277\003\302}{section.3}% 11
\BOOKMARK [3][-]{subsubsection.3.6.1}{\376\377\003\245\003\273\003\277\003\300\003\277\003\257\003\267\003\303\003\267\000\040\003\304\003\277\003\305\000\040\003\261\003\273\003\263\003\277\003\301\003\257\003\270\003\274\003\277\003\305\000\040\003\304\003\277\003\305\000\040\000D\000i\000j\000k\000s\000t\000r\000a\000\040\003\274\003\265\000\040\000M\000P\000I}{subsection.3.6}% 12
\BOOKMARK [3][-]{subsubsection.3.6.2}{\376\377\003\245\003\273\003\277\003\300\003\277\003\257\003\267\003\303\003\267\000\040\003\304\003\277\003\305\000\040\003\261\003\273\003\263\003\277\003\301\003\257\003\270\003\274\003\277\003\305\000\040\003\304\003\277\003\305\000\040\000D\000i\000j\000k\000s\000t\000r\000a\000\040\003\274\003\265\000\040\000O\000p\000e\000n\000M\000P}{subsection.3.6}% 13
\BOOKMARK [2][-]{subsection.3.7}{\376\377\003\221\003\300\003\277\003\304\003\265\003\273\003\255\003\303\003\274\003\261\003\304\003\261\000\040\003\245\003\273\003\277\003\300\003\277\003\257\003\267\003\303\003\267\003\302\000\040\003\272\003\261\003\271\000\040\003\221\003\275\003\254\003\273\003\305\003\303\003\267}{section.3}% 14
\BOOKMARK [2][-]{subsection.3.8}{\376\377\003\243\003\305\003\274\003\300\003\265\003\301\003\254\003\303\003\274\003\261\003\304\003\261\000\040\003\272\003\261\003\271\000\040\003\240\003\265\003\301\003\261\003\271\003\304\003\255\003\301\003\311\000\040\003\210\003\301\003\265\003\305\003\275\003\261}{section.3}% 15
\BOOKMARK [1][-]{section.4}{\376\377\003\243\003\305\003\275\003\304\003\277\003\274\003\314\003\304\003\265\003\301\003\265\003\302\000\040\003\224\003\271\003\261\003\264\003\301\003\277\003\274\003\255\003\302\000\040\003\263\003\271\003\261\000\040\003\214\003\273\003\261\000\040\003\304\003\261\000\040\003\226\003\265\003\315\003\263\003\267}{}% 16
\BOOKMARK [2][-]{subsection.4.1}{\376\377\003\221\003\273\003\263\003\314\003\301\003\271\003\270\003\274\003\277\003\302\000\040\003\262\003\261\003\303\003\271\003\303\003\274\003\255\003\275\003\277\003\302\000\040\003\303\003\304\003\277\003\275\000\040\003\240\003\277\003\273\003\273\003\261\003\300\003\273\003\261\003\303\003\271\003\261\003\303\003\274\003\314\000\040\003\240\003\257\003\275\003\261\003\272\003\261}{section.4}% 17
\BOOKMARK [2][-]{subsection.4.2}{\376\377\003\237\000\040\003\261\003\273\003\263\003\314\003\301\003\271\003\270\003\274\003\277\003\302\000\040\003\304\003\277\003\305\000\040\000D\000i\000j\000k\000s\000t\000r\000a}{section.4}% 18
\BOOKMARK [2][-]{subsection.4.3}{\376\377\003\237\000\040\003\261\003\273\003\263\003\314\003\301\003\271\003\270\003\274\003\277\003\302\000\040\003\304\003\277\003\305\000\040\000F\000l\000o\000y\000d}{section.4}% 19
\BOOKMARK [2][-]{subsection.4.4}{\376\377\003\243\003\305\003\263\003\272\003\301\003\257\003\303\003\265\003\271\003\302\000\040\003\221\003\300\003\314\003\264\003\277\003\303\003\267\003\302}{section.4}% 20
\BOOKMARK [1][-]{section.5}{\376\377\003\234\003\265\003\304\003\261\003\262\003\261\003\304\003\271\003\272\003\256\000\040\003\232\003\273\003\265\003\271\003\303\003\304\003\314\003\304\003\267\003\304\003\261}{}% 21
\BOOKMARK [1][-]{section.6}{\376\377\003\243\003\305\003\275\003\265\003\272\003\304\003\271\003\272\003\255\003\302\000\040\003\243\003\305\003\275\003\271\003\303\003\304\003\316\003\303\003\265\003\302}{}% 22
\BOOKMARK [2][-]{subsection.6.1}{\376\377\003\221\003\273\003\263\003\314\003\301\003\271\003\270\003\274\003\277\003\302\000\040\003\222\003\261\003\303\003\271\003\303\003\274\003\255\003\275\003\277\003\302\000\040\003\303\003\304\003\267\003\275\000\040\003\221\003\275\003\261\003\266\003\256\003\304\003\267\003\303\003\267\000\040\003\240\003\301\003\316\003\304\003\261\000\040\003\232\003\261\003\304\003\254\000\040\003\222\003\254\003\270\003\277\003\302}{section.6}% 23
\BOOKMARK [1][-]{section.7}{\376\377\003\221\003\273\003\263\003\314\003\301\003\271\003\270\003\274\003\277\003\271\000\040\003\263\003\271\003\261\000\040\003\221\003\301\003\261\003\271\003\254\000\040\003\223\003\301\003\261\003\306\003\256\003\274\003\261\003\304\003\261}{}% 24
\BOOKMARK [2][-]{subsection.7.1}{\376\377\003\243\003\305\003\275\003\304\003\277\003\274\003\314\003\304\003\265\003\301\003\261\000\040\003\234\003\277\003\275\003\277\003\300\003\254\003\304\003\271\003\261\000\040\003\234\003\277\003\275\003\256\003\302\000\040\003\240\003\267\003\263\003\256\003\302}{section.7}% 25
\BOOKMARK [1][-]{section.8}{\376\377\003\224\003\305\003\275\003\261\003\274\003\271\003\272\003\314\003\302\000\040\003\240\003\301\003\277\003\263\003\301\003\261\003\274\003\274\003\261\003\304\003\271\003\303\003\274\003\314\003\302}{}% 26
\BOOKMARK [2][-]{subsection.8.1}{\376\377\003\243\003\265\003\271\003\301\003\271\003\261\003\272\003\255\003\302\000\040\003\234\003\277\003\275\003\261\003\264\003\271\003\272\003\255\003\302\000\040\003\245\003\273\003\277\003\300\003\277\003\271\003\256\003\303\003\265\003\271\003\302\000\040\003\224\003\240}{section.8}% 27
\BOOKMARK [3][-]{subsubsection.8.1.1}{\376\377\003\244\003\277\000\040\003\240\003\301\003\314\003\262\003\273\003\267\003\274\003\261\000\040\003\304\003\277\003\305\000\040\003\243\003\305\003\275\003\304\003\277\003\274\003\314\003\304\003\265\003\301\003\277\003\305\000\040\003\234\003\277\003\275\003\277\003\300\003\261\003\304\003\271\003\277\003\315}{subsection.8.1}% 28
\BOOKMARK [3][-]{subsubsection.8.1.2}{\376\377\003\244\003\277\000\040\003\240\003\301\003\314\003\262\003\273\003\267\003\274\003\261\000\040\003\304\003\277\003\305\000\040\003\243\003\261\003\272\003\271\003\264\003\257\003\277\003\305\000\040\0000\000/\0001\000\040\000\050\000T\000h\000e\000\040\0000\000/\0001\000\040\000K\000n\000a\000p\000s\000a\000c\000k\000\040\000P\000r\000o\000b\000l\000e\000m\000\051}{subsection.8.1}% 29
\BOOKMARK [2][-]{subsection.8.2}{\376\377\003\234\003\267\000\040\003\243\003\265\003\271\003\301\003\271\003\261\003\272\003\255\003\302\000\040\003\234\003\277\003\275\003\261\003\264\003\271\003\272\003\255\003\302\000\040\003\224\003\271\003\261\003\304\003\305\003\300\003\316\003\303\003\265\003\271\003\302\000\040\003\224\003\240}{section.8}% 30
\BOOKMARK [1][-]{section*.58}{\376\377\003\222\003\271\003\262\003\273\003\271\003\277\003\263\003\301\003\261\003\306\003\257\003\261}{}% 31
